0000 0000	0010 1010 1010 1010 1001 1111 1101 0010	1000	1111 1111 1111 1111 1011 1110 1110 1111	0000 0000 0000 0000 0000 0000 0000 0110
0000 0001	0000 0000 0000 0000 0000 0000 0000 0000	1000	0000 0000 0000 0000 0000 0000 0000 0110	1111 1111 1111 1111 1011 1110 1110 1111
0000 0010	0000 0000 0000 0000 0000 0000 0000 0001	1001	0000 0000 0000 0000 0000 0000 0000 0001	0000 0000 0000 0000 0000 0000 0000 0101
0000 0011	0000 0000 0000 0000 0000 0000 0000 0001	1001	1111 1000 1010 1101 1011 1100 1101 0011	0000 0000 0000 0000 0000 0000 0000 0010
