0000 0000	0000 0000 0000 0001 1110 1110 0010 1111	0101	0000 0000 0000 0000 0000 0001 0111 0011	0000 0000 0000 0000 0000 0001 0101 0101
0000 0001	1000 0011 0000 0000 1010 0110 1001 1111	0101	1111 1111 1111 1111 1101 1110 1010 1101	1110 1110 1111 1111 1111 1111 1111 1011
0000 0010	0000 0100 0101 0110 1000 0000 1110 1001	0101	1111 1111 1111 1111 1101 1110 1010 1101	1111 1111 1111 1111 1101 1110 1010 1101
0000 0011	1010 0001 0110 0100 1100 1010 0000 1011	0110	1110 1111 1111 1111 1111 1111 1111 1111	1010 1100 0010 0111 0011 1101 1110 1011
