0000 0000	0010 1100 1001 0110 0001 0101 1010 1100	0111	0111 0100 0011 0101 1101 1010 1010 0100	0110 0010 0011 1000 0001 1010 1101 1101
0000 0001	0000 0000 0000 0000 0000 0000 0000 0000	0111	1111 1111 1111 1111 1101 1110 1010 1101	1111 1111 1111 1111 1011 1110 1110 1111
0000 0010	1111 1111 1111 1111 1111 0011 0001 1000	0111	1111 1111 1111 1111 1101 1110 1010 1101	0110 0011 0010 0011 0100 1101 0100 1001
0000 0011	0000 0101 0011 1101 1000 1100 0010 0001	0111	1110 1111 1111 1111 1111 1111 1111 1111	1010 1100 0010 0111 0011 1101 1110 1011
