0000 0000	0000 0000 0000 0000 0100 1111 0100 1111	0011	0000 0000 0000 0000 0100 0000 0100 0000	0000 0000 0000 0000 0000 1111 0000 1111
0000 0001	1111 1111 1111 1111 1001 1101 1001 1100	0011	1111 1111 1111 1111 1101 1110 1010 1101	1111 1111 1111 1111 1011 1110 1110 1111
0000 0010	0000 0000 0000 0000 1000 0000 0000 0000	0011	0000 0000 0000 0000 0111 1111 1111 1111	0000 0000 0000 0000 0000 0000 0000 0001
0000 0011	0000 0000 0000 0000 0000 0000 0000 0000	0011	0000 0000 0000 0000 0000 0000 0000 0000	0000 0000 0000 0000 0000 0000 0000 0000
